../Core/Src/main.c:121:6:HAL_TIM_PWM_PulseFinishedCallback	16	static
../Core/Src/main.c:126:6:NEOPIXELS_SETUP	40	static
../Core/Src/main.c:176:5:main	1304	static
../Core/Src/main.c:272:6:SystemClock_Config	96	static
../Core/Src/main.c:329:13:MX_CAN1_Init	8	static
../Core/Src/main.c:366:13:MX_SPI1_Init	8	static
../Core/Src/main.c:406:13:MX_TIM1_Init	112	static
../Core/Src/main.c:486:13:MX_USART2_UART_Init	8	static
../Core/Src/main.c:519:13:MX_DMA_Init	16	static
../Core/Src/main.c:537:13:MX_GPIO_Init	40	static
../Core/Src/main.c:576:6:Error_Handler	4	static,ignoring_inline_asm
