../Core/Src/main.c:123:6:HAL_TIM_PWM_PulseFinishedCallback	16	static
../Core/Src/main.c:128:6:NEOPIXELS_SETUP	40	static
../Core/Src/main.c:178:5:main	1312	static
../Core/Src/main.c:280:6:SystemClock_Config	96	static
../Core/Src/main.c:337:13:MX_CAN1_Init	8	static
../Core/Src/main.c:374:13:MX_SPI1_Init	8	static
../Core/Src/main.c:414:13:MX_TIM1_Init	112	static
../Core/Src/main.c:494:13:MX_USART2_UART_Init	8	static
../Core/Src/main.c:527:13:MX_DMA_Init	16	static
../Core/Src/main.c:545:13:MX_GPIO_Init	40	static
../Core/Src/main.c:584:6:Error_Handler	4	static,ignoring_inline_asm
